"Project: beken_robot"
"SDK_DIR: /home/jinyue.huo/bk7259_smp_solution/bk_avdk_smp_dev_7259v2_bringup_25W4801"
"TARGET: bk7259"
make bk7259 PROJECT=beken_robot PROJECT_DIR=/home/jinyue.huo/bk7259_smp_solution/bk_solution_ai_dev_7259v2_bringup_25W4801/projects/beken_robot BUILD_DIR=/home/jinyue.huo/bk7259_smp_solution/bk_solution_ai_dev_7259v2_bringup_25W4801/projects/beken_robot/build -C /home/jinyue.huo/bk7259_smp_solution/bk_avdk_smp_dev_7259v2_bringup_25W4801
make[1]: warning: -j24 forced in submake: resetting jobserver mode.
make[1]: Entering directory '/home/jinyue.huo/bk7259_smp_solution/bk_avdk_smp_dev_7259v2_bringup_25W4801'
MAKECMDGOALS is bk7259
ARMINO_SOC is set to bk7259
===================== Partitions Table =====================
ARMINO_TARGET is set to build
armino project path=/home/jinyue.huo/bk7259_smp_solution/bk_solution_ai_dev_7259v2_bringup_25W4801/projects/beken_robot
Name                              Offset            Size    
------------------------------------------------------------
primary_cp_app                  0x00000000         1148K    
primary_ap_app                  0x0011f000         3556K    
ota                             0x00498000          56K     
usr_config                      0x004a6000          60K     
easyflash                       0x004b5000           8K     
easyflash_ap                    0x004b7000           8K     
(unused)                        0x004b9000         3348K    
sys_rf                          0x007fe000           4K     
sys_net                         0x007ff000           4K     
armino ap path=/home/jinyue.huo/bk7259_smp_solution/bk_avdk_smp_dev_7259v2_bringup_25W4801/ap
============================================================
armino cp path=/home/jinyue.huo/bk7259_smp_solution/bk_avdk_smp_dev_7259v2_bringup_25W4801/cp
armino build path=/home/jinyue.huo/bk7259_smp_solution/bk_solution_ai_dev_7259v2_bringup_25W4801/projects/beken_robot/build/bk7259/beken_robot
make[1]: *** [tools/build_main.mk:128: bk7259_ap] Interrupt
make[1]: *** [tools/build_main.mk:131: bk7259_cp] Interrupt
make: *** [/home/jinyue.huo/bk7259_smp_solution/bk_avdk_smp_dev_7259v2_bringup_25W4801/tools/build_tools/build_files/project_main.mk:29: bk7259] Interrupt
